// Jest Snapshot v1, https://goo.gl/fbAQLP

exports[`Lexer Simple case 1`] = `
Array [
  Array [
    1,
    "
    <foo>",
    0,
    10,
  ],
  Array [
    2,
    "<%",
    10,
    12,
  ],
  Array [
    9,
    "% 
    <%# comment ",
    12,
    31,
  ],
  Array [
    3,
    "%>",
    31,
    33,
  ],
  Array [
    1,
    "
    ",
    33,
    38,
  ],
  Array [
    7,
    "<%_",
    38,
    41,
  ],
  Array [
    9,
    " if (foo == \\"",
    41,
    54,
  ],
  Array [
    3,
    "%>",
    54,
    56,
  ],
  Array [
    1,
    "\\\\\\"%>\\") { _%>
      ",
    56,
    75,
  ],
  Array [
    5,
    "<%=",
    75,
    78,
  ],
  Array [
    9,
    " bar ",
    78,
    83,
  ],
  Array [
    3,
    "%>",
    83,
    85,
  ],
  Array [
    1,
    "
    ",
    85,
    90,
  ],
  Array [
    2,
    "<%",
    90,
    92,
  ],
  Array [
    9,
    " } ",
    92,
    95,
  ],
  Array [
    3,
    "%>",
    95,
    97,
  ],
  Array [
    1,
    "
    </foo>
    ",
    97,
    114,
  ],
  Array [
    0,
    null,
    114,
    115,
  ],
]
`;
