// Jest Snapshot v1, https://goo.gl/fbAQLP

exports[`Lexer Simple case 1`] = `
Array [
  Array [
    1,
    "
    <foo><%% 
    ",
    0,
    19,
  ],
  Array [
    4,
    "<%#",
    19,
    22,
  ],
  Array [
    10,
    " ",
    22,
    23,
  ],
  Array [
    13,
    "comment %>
    <%_ if (foo == \\"%>\\\\\\"%>\\") { _%>
      <%= bar %>
    <% } %>
    </foo>
    ",
    23,
    113,
  ],
  Array [
    0,
    null,
    113,
    114,
  ],
]
`;
