// Jest Snapshot v1, https://goo.gl/fbAQLP

exports[`Lexer Simple case 1`] = `
Array [
  Array [
    1,
    "
    <foo>
    ",
    0,
    15,
  ],
  Array [
    2,
    "<%",
    15,
    17,
  ],
  Array [
    4,
    "#",
    17,
    18,
  ],
  Array [
    9,
    " comment ",
    18,
    27,
  ],
  Array [
    3,
    "%>",
    27,
    29,
  ],
  Array [
    1,
    "
    ",
    29,
    34,
  ],
  Array [
    2,
    "<%",
    34,
    36,
  ],
  Array [
    8,
    "_",
    36,
    37,
  ],
  Array [
    9,
    " if (foo == \\"%>\\\\\\"%>\\") { ",
    37,
    61,
  ],
  Array [
    8,
    "_",
    61,
    62,
  ],
  Array [
    3,
    "%>",
    62,
    64,
  ],
  Array [
    1,
    "
      ",
    64,
    71,
  ],
  Array [
    2,
    "<%",
    71,
    73,
  ],
  Array [
    5,
    "=",
    73,
    74,
  ],
  Array [
    9,
    " bar ",
    74,
    79,
  ],
  Array [
    3,
    "%>",
    79,
    81,
  ],
  Array [
    1,
    "
    ",
    81,
    86,
  ],
  Array [
    2,
    "<%",
    86,
    88,
  ],
  Array [
    9,
    " } ",
    88,
    91,
  ],
  Array [
    3,
    "%>",
    91,
    93,
  ],
  Array [
    1,
    "
    </foo>
    ",
    93,
    109,
  ],
  Array [
    0,
    "",
    109,
    109,
  ],
]
`;
