// Jest Snapshot v1, https://goo.gl/fbAQLP

exports[`Loop constructs for loop 1`] = `"Items: [0] [1] [2]"`;

exports[`Loop constructs forEach callback 1`] = `"(0:a)(1:b)(2:c)"`;

exports[`Loop constructs forEach callback from file 1`] = `
"<div class="row row-cards mt-2">
  
    <div class="col-sm-6 col-lg-4">
      <div class="card card-sm">
        <div class="card-body">
          <div class="d-flex align-items-center">
            <div class="subheader">Alice</div>
            <div class="ms-auto lh-1">
              <div class="h1 mb-0">30</div>
            </div>
          </div>
        </div>
      </div>
    </div>
  
    <div class="col-sm-6 col-lg-4">
      <div class="card card-sm">
        <div class="card-body">
          <div class="d-flex align-items-center">
            <div class="subheader">Bob</div>
            <div class="ms-auto lh-1">
              <div class="h1 mb-0">25</div>
            </div>
          </div>
        </div>
      </div>
    </div>
  
    <div class="col-sm-6 col-lg-4">
      <div class="card card-sm">
        <div class="card-body">
          <div class="d-flex align-items-center">
            <div class="subheader">Charlie</div>
            <div class="ms-auto lh-1">
              <div class="h1 mb-0">35</div>
            </div>
          </div>
        </div>
      </div>
    </div>
  
</div>"
`;

exports[`Loop constructs while loop 1`] = `"0-1-2-"`;
