// Jest Snapshot v1, https://goo.gl/fbAQLP

exports[`Parser Simple case 1`] = `
Object {
  "childs": Array [
    Object {
      "kind": "inline",
      "location": Object {
        "end": Object {
          "col": 5,
          "line": 3,
          "offset": 19,
        },
        "src": "
    <foo> <%%
    ",
        "start": Object {
          "col": 0,
          "line": 1,
          "offset": 0,
        },
      },
      "source": "
    <foo> <%%
    ",
    },
    Object {
      "kind": "comment",
      "location": Object {
        "end": Object {
          "col": 20,
          "line": 3,
          "offset": 33,
        },
        "src": "<%# comment %>",
        "start": Object {
          "col": 5,
          "line": 3,
          "offset": 19,
        },
      },
      "source": " comment ",
    },
    Object {
      "kind": "inline",
      "location": Object {
        "end": Object {
          "col": 5,
          "line": 4,
          "offset": 38,
        },
        "src": "
    ",
        "start": Object {
          "col": 20,
          "line": 3,
          "offset": 33,
        },
      },
      "source": "
    ",
    },
    Object {
      "kind": "statement",
      "location": Object {
        "end": Object {
          "col": 36,
          "line": 4,
          "offset": 68,
        },
        "src": "<%_ if (foo == \\"%>\\\\\\"%>\\") { _%>",
        "start": Object {
          "col": 5,
          "line": 4,
          "offset": 38,
        },
      },
      "postStrip": true,
      "preStrip": true,
      "source": " if (foo == \\"%>\\\\\\"%>\\") { ",
    },
    Object {
      "kind": "inline",
      "location": Object {
        "end": Object {
          "col": 7,
          "line": 5,
          "offset": 75,
        },
        "src": "
      ",
        "start": Object {
          "col": 36,
          "line": 4,
          "offset": 68,
        },
      },
      "source": "
      ",
    },
    Object {
      "kind": "output",
      "location": Object {
        "end": Object {
          "col": 18,
          "line": 5,
          "offset": 85,
        },
        "src": "<%= bar %>",
        "start": Object {
          "col": 7,
          "line": 5,
          "offset": 75,
        },
      },
      "postStrip": false,
      "sanitize": true,
      "source": " bar ",
    },
    Object {
      "kind": "inline",
      "location": Object {
        "end": Object {
          "col": 5,
          "line": 6,
          "offset": 90,
        },
        "src": "
    ",
        "start": Object {
          "col": 18,
          "line": 5,
          "offset": 85,
        },
      },
      "source": "
    ",
    },
    Object {
      "kind": "statement",
      "location": Object {
        "end": Object {
          "col": 13,
          "line": 6,
          "offset": 97,
        },
        "src": "<% } %>",
        "start": Object {
          "col": 5,
          "line": 6,
          "offset": 90,
        },
      },
      "postStrip": false,
      "preStrip": false,
      "source": " } ",
    },
    Object {
      "kind": "inline",
      "location": Object {
        "end": Object {
          "col": 4,
          "line": 8,
          "offset": 113,
        },
        "src": "
    </foo>
    ",
        "start": Object {
          "col": 13,
          "line": 6,
          "offset": 97,
        },
      },
      "source": "
    </foo>
    ",
    },
  ],
  "kind": "program",
  "location": Object {
    "end": Object {
      "col": 4,
      "line": 8,
      "offset": 113,
    },
    "src": "
    <foo> <%%
    <%# comment %>
    <%_ if (foo == \\"%>\\\\\\"%>\\") { _%>
      <%= bar %>
    <% } %>
    </foo>
    ",
    "start": Object {
      "col": 0,
      "line": 1,
      "offset": 0,
    },
  },
}
`;
